Archive member included to satisfy reference by file (symbol)

C:/Users/work/year2/Digital_Elec/STM32CubeIDE_1.13.2/STM32CubeIDE/plugins/com.st.stm32cube.ide.mcu.externaltools.gnu-tools-for-stm32.12.3.rel1.win32_1.0.100.202403111256/tools/bin/../lib/gcc/arm-none-eabi/12.3.1/../../../../arm-none-eabi/lib/thumb/v7e-m+fp/hard\libc_nano.a(libc_a-exit.o)
                              C:/Users/work/year2/Digital_Elec/STM32CubeIDE_1.13.2/STM32CubeIDE/plugins/com.st.stm32cube.ide.mcu.externaltools.gnu-tools-for-stm32.12.3.rel1.win32_1.0.100.202403111256/tools/bin/../lib/gcc/arm-none-eabi/12.3.1/../../../../arm-none-eabi/lib/thumb/v7e-m+fp/hard/crt0.o (exit)
C:/Users/work/year2/Digital_Elec/STM32CubeIDE_1.13.2/STM32CubeIDE/plugins/com.st.stm32cube.ide.mcu.externaltools.gnu-tools-for-stm32.12.3.rel1.win32_1.0.100.202403111256/tools/bin/../lib/gcc/arm-none-eabi/12.3.1/../../../../arm-none-eabi/lib/thumb/v7e-m+fp/hard\libc_nano.a(libc_a-findfp.o)
                              C:/Users/work/year2/Digital_Elec/STM32CubeIDE_1.13.2/STM32CubeIDE/plugins/com.st.stm32cube.ide.mcu.externaltools.gnu-tools-for-stm32.12.3.rel1.win32_1.0.100.202403111256/tools/bin/../lib/gcc/arm-none-eabi/12.3.1/../../../../arm-none-eabi/lib/thumb/v7e-m+fp/hard\libc_nano.a(libc_a-exit.o) (__stdio_exit_handler)
C:/Users/work/year2/Digital_Elec/STM32CubeIDE_1.13.2/STM32CubeIDE/plugins/com.st.stm32cube.ide.mcu.externaltools.gnu-tools-for-stm32.12.3.rel1.win32_1.0.100.202403111256/tools/bin/../lib/gcc/arm-none-eabi/12.3.1/../../../../arm-none-eabi/lib/thumb/v7e-m+fp/hard\libc_nano.a(libc_a-fwalk.o)
                              C:/Users/work/year2/Digital_Elec/STM32CubeIDE_1.13.2/STM32CubeIDE/plugins/com.st.stm32cube.ide.mcu.externaltools.gnu-tools-for-stm32.12.3.rel1.win32_1.0.100.202403111256/tools/bin/../lib/gcc/arm-none-eabi/12.3.1/../../../../arm-none-eabi/lib/thumb/v7e-m+fp/hard\libc_nano.a(libc_a-findfp.o) (_fwalk_sglue)
C:/Users/work/year2/Digital_Elec/STM32CubeIDE_1.13.2/STM32CubeIDE/plugins/com.st.stm32cube.ide.mcu.externaltools.gnu-tools-for-stm32.12.3.rel1.win32_1.0.100.202403111256/tools/bin/../lib/gcc/arm-none-eabi/12.3.1/../../../../arm-none-eabi/lib/thumb/v7e-m+fp/hard\libc_nano.a(libc_a-stdio.o)
                              C:/Users/work/year2/Digital_Elec/STM32CubeIDE_1.13.2/STM32CubeIDE/plugins/com.st.stm32cube.ide.mcu.externaltools.gnu-tools-for-stm32.12.3.rel1.win32_1.0.100.202403111256/tools/bin/../lib/gcc/arm-none-eabi/12.3.1/../../../../arm-none-eabi/lib/thumb/v7e-m+fp/hard\libc_nano.a(libc_a-findfp.o) (__sread)
C:/Users/work/year2/Digital_Elec/STM32CubeIDE_1.13.2/STM32CubeIDE/plugins/com.st.stm32cube.ide.mcu.externaltools.gnu-tools-for-stm32.12.3.rel1.win32_1.0.100.202403111256/tools/bin/../lib/gcc/arm-none-eabi/12.3.1/../../../../arm-none-eabi/lib/thumb/v7e-m+fp/hard\libc_nano.a(libc_a-memset.o)
                              C:/Users/work/year2/Digital_Elec/STM32CubeIDE_1.13.2/STM32CubeIDE/plugins/com.st.stm32cube.ide.mcu.externaltools.gnu-tools-for-stm32.12.3.rel1.win32_1.0.100.202403111256/tools/bin/../lib/gcc/arm-none-eabi/12.3.1/../../../../arm-none-eabi/lib/thumb/v7e-m+fp/hard/crt0.o (memset)
C:/Users/work/year2/Digital_Elec/STM32CubeIDE_1.13.2/STM32CubeIDE/plugins/com.st.stm32cube.ide.mcu.externaltools.gnu-tools-for-stm32.12.3.rel1.win32_1.0.100.202403111256/tools/bin/../lib/gcc/arm-none-eabi/12.3.1/../../../../arm-none-eabi/lib/thumb/v7e-m+fp/hard\libc_nano.a(libc_a-closer.o)
                              C:/Users/work/year2/Digital_Elec/STM32CubeIDE_1.13.2/STM32CubeIDE/plugins/com.st.stm32cube.ide.mcu.externaltools.gnu-tools-for-stm32.12.3.rel1.win32_1.0.100.202403111256/tools/bin/../lib/gcc/arm-none-eabi/12.3.1/../../../../arm-none-eabi/lib/thumb/v7e-m+fp/hard\libc_nano.a(libc_a-stdio.o) (_close_r)
C:/Users/work/year2/Digital_Elec/STM32CubeIDE_1.13.2/STM32CubeIDE/plugins/com.st.stm32cube.ide.mcu.externaltools.gnu-tools-for-stm32.12.3.rel1.win32_1.0.100.202403111256/tools/bin/../lib/gcc/arm-none-eabi/12.3.1/../../../../arm-none-eabi/lib/thumb/v7e-m+fp/hard\libc_nano.a(libc_a-reent.o)
                              C:/Users/work/year2/Digital_Elec/STM32CubeIDE_1.13.2/STM32CubeIDE/plugins/com.st.stm32cube.ide.mcu.externaltools.gnu-tools-for-stm32.12.3.rel1.win32_1.0.100.202403111256/tools/bin/../lib/gcc/arm-none-eabi/12.3.1/../../../../arm-none-eabi/lib/thumb/v7e-m+fp/hard\libc_nano.a(libc_a-closer.o) (errno)
C:/Users/work/year2/Digital_Elec/STM32CubeIDE_1.13.2/STM32CubeIDE/plugins/com.st.stm32cube.ide.mcu.externaltools.gnu-tools-for-stm32.12.3.rel1.win32_1.0.100.202403111256/tools/bin/../lib/gcc/arm-none-eabi/12.3.1/../../../../arm-none-eabi/lib/thumb/v7e-m+fp/hard\libc_nano.a(libc_a-impure.o)
[...]
Memory Configuration

Name             Origin             Length             Attributes
RAM              0x20000000         0x00020000         xrw
FLASH            0x08000000         0x00080000         xr
*default*        0x00000000         0xffffffff

Linker script and memory map

LOAD C:/Users/work/year2/Digital_Elec/STM32CubeIDE_1.13.2/STM32CubeIDE/plugins/com.st.stm32cube.ide.mcu.externaltools.gnu-tools-for-stm32.12.3.rel1.win32_1.0.100.202403111256/tools/bin/../lib/gcc/arm-none-eabi/12.3.1/thumb/v7e-m+fp/hard/crti.o
LOAD C:/Users/work/year2/Digital_Elec/STM32CubeIDE_1.13.2/STM32CubeIDE/plugins/com.st.stm32cube.ide.mcu.externaltools.gnu-tools-for-stm32.12.3.rel1.win32_1.0.100.202403111256/tools/bin/../lib/gcc/arm-none-eabi/12.3.1/thumb/v7e-m+fp/hard/crtbegin.o
LOAD C:/Users/work/year2/Digital_Elec/STM32CubeIDE_1.13.2/STM32CubeIDE/plugins/com.st.stm32cube.ide.mcu.externaltools.gnu-tools-for-stm32.12.3.rel1.win32_1.0.100.202403111256/tools/bin/../lib/gcc/arm-none-eabi/12.3.1/../../../../arm-none-eabi/lib/thumb/v7e-m+fp/hard/crt0.o
LOAD ./Core/Src/main.o
LOAD ./Core/Src/stm32g4xx_hal_msp.o
LOAD ./Core/Src/stm32g4xx_it.o
LOAD ./Core/Src/syscalls.o
LOAD ./Core/Src/sysmem.o
LOAD ./Core/Src/system_stm32g4xx.o
LOAD ./Core/Startup/startup_stm32g474retx.o
LOAD ./Drivers/STM32G4xx_HAL_Driver/Src/stm32g4xx_hal.o
LOAD ./Drivers/STM32G4xx_HAL_Driver/Src/stm32g4xx_hal_cortex.o
LOAD ./Drivers/STM32G4xx_HAL_Driver/Src/stm32g4xx_hal_dma.o
LOAD ./Drivers/STM32G4xx_HAL_Driver/Src/stm32g4xx_hal_dma_ex.o
LOAD ./Drivers/STM32G4xx_HAL_Driver/Src/stm32g4xx_hal_exti.o
LOAD ./Drivers/STM32G4xx_HAL_Driver/Src/stm32g4xx_hal_flash.o
LOAD ./Drivers/STM32G4xx_HAL_Driver/Src/stm32g4xx_hal_flash_ex.o
LOAD ./Drivers/STM32G4xx_HAL_Driver/Src/stm32g4xx_hal_flash_ramfunc.o
LOAD ./Drivers/STM32G4xx_HAL_Driver/Src/stm32g4xx_hal_gpio.o
LOAD ./Drivers/STM32G4xx_HAL_Driver/Src/stm32g4xx_hal_i2c.o
LOAD ./Drivers/STM32G4xx_HAL_Driver/Src/stm32g4xx_hal_i2c_ex.o
LOAD ./Drivers/STM32G4xx_HAL_Driver/Src/stm32g4xx_hal_pwr.o
LOAD ./Drivers/STM32G4xx_HAL_Driver/Src/stm32g4xx_hal_pwr_ex.o
LOAD ./Drivers/STM32G4xx_HAL_Driver/Src/stm32g4xx_hal_rcc.o
LOAD ./Drivers/STM32G4xx_HAL_Driver/Src/stm32g4xx_hal_rcc_ex.o
LOAD ./Drivers/STM32G4xx_HAL_Driver/Src/stm32g4xx_hal_tim.o
LOAD ./Drivers/STM32G4xx_HAL_Driver/Src/stm32g4xx_hal_tim_ex.o
LOAD ./Drivers/STM32G4xx_HAL_Driver/Src/stm32g4xx_hal_uart.o
LOAD ./Drivers/STM32G4xx_HAL_Driver/Src/stm32g4xx_hal_uart_ex.o
START GROUP
LOAD C:/Users/work/year2/Digital_Elec/STM32CubeIDE_1.13.2/STM32CubeIDE/plugins/com.st.stm32cube.ide.mcu.externaltools.gnu-tools-for-stm32.12.3.rel1.win32_1.0.100.202403111256/tools/bin/../lib/gcc/arm-none-eabi/12.3.1/../../../../arm-none-eabi/lib/thumb/v7e-m+fp/hard\libc_nano.a
LOAD C:/Users/work/year2/Digital_Elec/STM32CubeIDE_1.13.2/STM32CubeIDE/plugins/com.st.stm32cube.ide.mcu.externaltools.gnu-tools-for-stm32.12.3.rel1.win32_1.0.100.202403111256/tools/bin/../lib/gcc/arm-none-eabi/12.3.1/../../../../arm-none-eabi/lib/thumb/v7e-m+fp/hard\libm.a
END GROUP
START GROUP
LOAD C:/Users/work/year2/Digital_Elec/STM32CubeIDE_1.13.2/STM32CubeIDE/plugins/com.st.stm32cube.ide.mcu.externaltools.gnu-tools-for-stm32.12.3.rel1.win32_1.0.100.202403111256/tools/bin/../lib/gcc/arm-none-eabi/12.3.1/thumb/v7e-m+fp/hard\libgcc.a
LOAD C:/Users/work/year2/Digital_Elec/STM32CubeIDE_1.13.2/STM32CubeIDE/plugins/com.st.stm32cube.ide.mcu.externaltools.gnu-tools-for-stm32.12.3.rel1.win32_1.0.100.202403111256/tools/bin/../lib/gcc/arm-none-eabi/12.3.1/../../../../arm-none-eabi/lib/thumb/v7e-m+fp/hard\libc_nano.a
END GROUP
START GROUP
LOAD C:/Users/work/year2/Digital_Elec/STM32CubeIDE_1.13.2/STM32CubeIDE/plugins/com.st.stm32cube.ide.mcu.externaltools.gnu-tools-for-stm32.12.3.rel1.win32_1.0.100.202403111256/tools/bin/../lib/gcc/arm-none-eabi/12.3.1/thumb/v7e-m+fp/hard\libgcc.a
LOAD C:/Users/work/year2/Digital_Elec/STM32CubeIDE_1.13.2/STM32CubeIDE/plugins/com.st.stm32cube.ide.mcu.externaltools.gnu-tools-for-stm32.12.3.rel1.win32_1.0.100.202403111256/tools/bin/../lib/gcc/arm-none-eabi/12.3.1/../../../../arm-none-eabi/lib/thumb/v7e-m+fp/hard\libc_nano.a
LOAD C:/Users/work/year2/Digital_Elec/STM32CubeIDE_1.13.2/STM32CubeIDE/plugins/com.st.stm32cube.ide.mcu.externaltools.gnu-tools-for-stm32.12.3.rel1.win32_1.0.100.202403111256/tools/bin/../lib/gcc/arm-none-eabi/12.3.1/../../../../arm-none-eabi/lib/thumb/v7e-m+fp/hard\libnosys.a
END GROUP
START GROUP
LOAD C:/Users/work/year2/Digital_Elec/STM32CubeIDE_1.13.2/STM32CubeIDE/plugins/com.st.stm32cube.ide.mcu.externaltools.gnu-tools-for-stm32.12.3.rel1.win32_1.0.100.202403111256/tools/bin/../lib/gcc/arm-none-eabi/12.3.1/thumb/v7e-m+fp/hard\libgcc.a
LOAD C:/Users/work/year2/Digital_Elec/STM32CubeIDE_1.13.2/STM32CubeIDE/plugins/com.st.stm32cube.ide.mcu.externaltools.gnu-tools-for-stm32.12.3.rel1.win32_1.0.100.202403111256/tools/bin/../lib/gcc/arm-none-eabi/12.3.1/../../../../arm-none-eabi/lib/thumb/v7e-m+fp/hard\libc_nano.a
LOAD C:/Users/work/year2/Digital_Elec/STM32CubeIDE_1.13.2/STM32CubeIDE/plugins/com.st.stm32cube.ide.mcu.externaltools.gnu-tools-for-stm32.12.3.rel1.win32_1.0.100.202403111256/tools/bin/../lib/gcc/arm-none-eabi/12.3.1/../../../../arm-none-eabi/lib/thumb/v7e-m+fp/hard\libnosys.a
END GROUP
LOAD C:/Users/work/year2/Digital_Elec/STM32CubeIDE_1.13.2/STM32CubeIDE/plugins/com.st.stm32cube.ide.mcu.externaltools.gnu-tools-for-stm32.12.3.rel1.win32_1.0.100.202403111256/tools/bin/../lib/gcc/arm-none-eabi/12.3.1/thumb/v7e-m+fp/hard/crtend.o
LOAD C:/Users/work/year2/Digital_Elec/STM32CubeIDE_1.13.2/STM32CubeIDE/plugins/com.st.stm32cube.ide.mcu.externaltools.gnu-tools-for-stm32.12.3.rel1.win32_1.0.100.202403111256/tools/bin/../lib/gcc/arm-none-eabi/12.3.1/thumb/v7e-m+fp/hard/crtn.o
                0x20020000                        _estack = (ORIGIN (RAM) + LENGTH (RAM))
                0x00000200                        _Min_Heap_Size = 0x200
                0x00000400                        _Min_Stack_Size = 0x400

.isr_vector     0x08000000      0x1d8
                0x08000000                        . = ALIGN (0x4)
 *(.isr_vector)
 .isr_vector    0x08000000      0x1d8 ./Core/Startup/startup_stm32g474retx.o
                0x08000000                g_pfnVectors
                0x080001d8                        . = ALIGN (0x4)

.text           0x080001d8     0x61b8
                0x080001d8                        . = ALIGN (0x4)
 *(.text)
 .text          0x080001d8       0x40 C:/Users/work/year2/Digital_Elec/STM32CubeIDE_1.13.2/STM32CubeIDE/plugins/com.st.stm32cube.ide.mcu.externaltools.gnu-tools-for-stm32.12.3.rel1.win32_1.0.100.202403111256/tools/bin/../lib/gcc/arm-none-eabi/12.3.1/thumb/v7e-m+fp/hard/crtbegin.o
 .text          0x08000218       0x30 C:/Users/work/year2/Digital_Elec/STM32CubeIDE_1.13.2/STM32CubeIDE/plugins/com.st.stm32cube.ide.mcu.externaltools.gnu-tools-for-stm32.12.3.rel1.win32_1.0.100.202403111256/tools/bin/../lib/gcc/arm-none-eabi/12.3.1/thumb/v7e-m+fp/hard\libgcc.a(_aeabi_uldivmod.o)
                0x08000218                __aeabi_uldivmod
 .text          0x08000248      0x2bc C:/Users/work/year2/Digital_Elec/STM32CubeIDE_1.13.2/STM32CubeIDE/plugins/com.st.stm32cube.ide.mcu.externaltools.gnu-tools-for-stm32.12.3.rel1.win32_1.0.100.202403111256/tools/bin/../lib/gcc/arm-none-eabi/12.3.1/thumb/v7e-m+fp/hard\libgcc.a(_udivmoddi4.o)
                0x08000248                __udivmoddi4
 .text          0x08000504        0x4 C:/Users/work/year2/Digital_Elec/STM32CubeIDE_1.13.2/STM32CubeIDE/plugins/com.st.stm32cube.ide.mcu.externaltools.gnu-tools-for-stm32.12.3.rel1.win32_1.0.100.202403111256/tools/bin/../lib/gcc/arm-none-eabi/12.3.1/thumb/v7e-m+fp/hard\libgcc.a(_dvmd_tls.o)
                0x08000504                __aeabi_idiv0
                0x08000504                __aeabi_ldiv0
 *(.text*)
 .text.main     0x08000508      0x274 ./Core/Src/main.o
                0x08000508                main
 .text.SystemClock_Config
                0x0800077c       0x96 ./Core/Src/main.o
                0x0800077c                SystemClock_Config
 *fill*         0x08000812        0x2 
 .text.MX_I2C1_Init
                0x08000814       0x80 ./Core/Src/main.o
 .text.MX_LPUART1_UART_Init
                0x08000894       0x94 ./Core/Src/main.o
 .text.MX_DMA_Init
                0x08000928       0x84 ./Core/Src/main.o
 .text.MX_GPIO_Init
                0x080009ac       0xdc ./Core/Src/main.o
 .text.Error_Handler
                0x08000a88        0xc ./Core/Src/main.o
                0x08000a88                Error_Handler
 .text.HAL_MspInit
                0x08000a94       0x48 ./Core/Src/stm32g4xx_hal_msp.o
                0x08000a94                HAL_MspInit
 .text.HAL_I2C_MspInit
                0x08000adc      0x188 ./Core/Src/stm32g4xx_hal_msp.o
                0x08000adc                HAL_I2C_MspInit
 .text.HAL_UART_MspInit
                0x08000c64      0x178 ./Core/Src/stm32g4xx_hal_msp.o
                0x08000c64                HAL_UART_MspInit
 .text.NMI_Handler
                0x08000ddc        0x8 ./Core/Src/stm32g4xx_it.o
                0x08000ddc                NMI_Handler
 .text.HardFault_Handler
                0x08000de4        0x8 ./Core/Src/stm32g4xx_it.o
                0x08000de4                HardFault_Handler
 .text.MemManage_Handler
                0x08000dec        0x8 ./Core/Src/stm32g4xx_it.o
                0x08000dec                MemManage_Handler
 .text.BusFault_Handler
                0x08000df4        0x8 ./Core/Src/stm32g4xx_it.o
                0x08000df4                BusFault_Handler
 .text.UsageFault_Handler
                0x08000dfc        0x8 ./Core/Src/stm32g4xx_it.o
                0x08000dfc                UsageFault_Handler
 .text.SVC_Handler
                0x08000e04        0xe ./Core/Src/stm32g4xx_it.o
                0x08000e04                SVC_Handler
 .text.DebugMon_Handler
                0x08000e12        0xe ./Core/Src/stm32g4xx_it.o
                0x08000e12                DebugMon_Handler
 .text.PendSV_Handler
                0x08000e20        0xe ./Core/Src/stm32g4xx_it.o
                0x08000e20                PendSV_Handler
 .text.SysTick_Handler
                0x08000e2e        0xc ./Core/Src/stm32g4xx_it.o
                0x08000e2e                SysTick_Handler
 *fill*         0x08000e3a        0x2 
 .text.DMA1_Channel1_IRQHandler
                0x08000e3c       0x14 ./Core/Src/stm32g4xx_it.o
                0x08000e3c                DMA1_Channel1_IRQHandler
 .text.DMA1_Channel2_IRQHandler
                0x08000e50       0x14 ./Core/Src/stm32g4xx_it.o
                0x08000e50                DMA1_Channel2_IRQHandler
 .text.DMA1_Channel3_IRQHandler
                0x08000e64       0x14 ./Core/Src/stm32g4xx_it.o
                0x08000e64                DMA1_Channel3_IRQHandler
 .text.DMA1_Channel4_IRQHandler
                0x08000e78       0x14 ./Core/Src/stm32g4xx_it.o
                0x08000e78                DMA1_Channel4_IRQHandler
 .text.I2C1_EV_IRQHandler
                0x08000e8c       0x14 ./Core/Src/stm32g4xx_it.o
                0x08000e8c                I2C1_EV_IRQHandler
 .text.I2C1_ER_IRQHandler
                0x08000ea0       0x14 ./Core/Src/stm32g4xx_it.o
                0x08000ea0                I2C1_ER_IRQHandler
 .text.EXTI15_10_IRQHandler
                0x08000eb4       0x10 ./Core/Src/stm32g4xx_it.o
                0x08000eb4                EXTI15_10_IRQHandler
 .text.LPUART1_IRQHandler
                0x08000ec4       0x14 ./Core/Src/stm32g4xx_it.o
                0x08000ec4                LPUART1_IRQHandler
 .text.SystemInit
                0x08000ed8       0x24 ./Core/Src/system_stm32g4xx.o
                0x08000ed8                SystemInit
 .text.Reset_Handler
                0x08000efc       0x50 ./Core/Startup/startup_stm32g474retx.o
                0x08000efc                Reset_Handler
 .text.Default_Handler
                0x08000f4c        0x2 ./Core/Startup/startup_stm32g474retx.o
                0x08000f4c                RTC_Alarm_IRQHandler
                0x08000f4c                EXTI2_IRQHandler
                0x08000f4c                TIM8_TRG_COM_IRQHandler
                0x08000f4c                TIM8_CC_IRQHandler
                0x08000f4c                HRTIM1_Master_IRQHandler
                0x08000f4c                SPI4_IRQHandler
                0x08000f4c                FDCAN3_IT0_IRQHandler
                0x08000f4c                TIM1_CC_IRQHandler
                0x08000f4c                HRTIM1_FLT_IRQHandler
                0x08000f4c                HRTIM1_TIMF_IRQHandler
                0x08000f4c                USB_HP_IRQHandler
                0x08000f4c                CORDIC_IRQHandler
                0x08000f4c                HRTIM1_TIMD_IRQHandler
                0x08000f4c                DMA2_Channel8_IRQHandler
                0x08000f4c                EXTI3_IRQHandler
                0x08000f4c                I2C3_ER_IRQHandler
                0x08000f4c                EXTI0_IRQHandler
                0x08000f4c                I2C2_EV_IRQHandler
                0x08000f4c                FPU_IRQHandler
                0x08000f4c                FDCAN1_IT1_IRQHandler
                0x08000f4c                TIM1_UP_TIM16_IRQHandler
                0x08000f4c                ADC1_2_IRQHandler
                0x08000f4c                HRTIM1_TIME_IRQHandler
                0x08000f4c                SPI1_IRQHandler
                0x08000f4c                TIM6_DAC_IRQHandler
                0x08000f4c                HRTIM1_TIMC_IRQHandler
                0x08000f4c                TIM8_UP_IRQHandler
                0x08000f4c                DMA2_Channel2_IRQHandler
                0x08000f4c                TIM20_TRG_COM_IRQHandler
                0x08000f4c                USART3_IRQHandler
                0x08000f4c                DMA1_Channel7_IRQHandler
                0x08000f4c                UART5_IRQHandler
                0x08000f4c                ADC3_IRQHandler
                0x08000f4c                TIM4_IRQHandler
                0x08000f4c                DMA2_Channel1_IRQHandler
                0x08000f4c                QUADSPI_IRQHandler
                0x08000f4c                DMA1_Channel6_IRQHandler
                0x08000f4c                UART4_IRQHandler
                0x08000f4c                DMA2_Channel4_IRQHandler
                0x08000f4c                TIM3_IRQHandler
                0x08000f4c                RCC_IRQHandler
                0x08000f4c                TIM20_UP_IRQHandler
                0x08000f4c                Default_Handler
                0x08000f4c                DMA2_Channel7_IRQHandler
                0x08000f4c                RTC_TAMP_LSECSS_IRQHandler
                0x08000f4c                FMAC_IRQHandler
                0x08000f4c                DMA1_Channel8_IRQHandler
                0x08000f4c                HRTIM1_TIMA_IRQHandler
                0x08000f4c                TIM7_DAC_IRQHandler
                0x08000f4c                FDCAN3_IT1_IRQHandler
                0x08000f4c                TIM5_IRQHandler
                0x08000f4c                UCPD1_IRQHandler
                0x08000f4c                I2C3_EV_IRQHandler
                0x08000f4c                EXTI9_5_IRQHandler
                0x08000f4c                RTC_WKUP_IRQHandler
                0x08000f4c                PVD_PVM_IRQHandler
                0x08000f4c                SPI2_IRQHandler
                0x08000f4c                ADC5_IRQHandler
                0x08000f4c                DMA2_Channel5_IRQHandler
                0x08000f4c                CRS_IRQHandler
                0x08000f4c                DMA1_Channel5_IRQHandler
                0x08000f4c                USB_LP_IRQHandler
                0x08000f4c                EXTI4_IRQHandler
                0x08000f4c                RNG_IRQHandler
                0x08000f4c                HRTIM1_TIMB_IRQHandler
                0x08000f4c                TIM1_TRG_COM_TIM17_IRQHandler
                0x08000f4c                FDCAN2_IT1_IRQHandler
                0x08000f4c                ADC4_IRQHandler
                0x08000f4c                WWDG_IRQHandler
                0x08000f4c                I2C4_EV_IRQHandler
                0x08000f4c                FDCAN2_IT0_IRQHandler
                0x08000f4c                DMA2_Channel6_IRQHandler
                0x08000f4c                FDCAN1_IT0_IRQHandler
                0x08000f4c                TIM2_IRQHandler
                0x08000f4c                COMP7_IRQHandler
                0x08000f4c                COMP1_2_3_IRQHandler
                0x08000f4c                EXTI1_IRQHandler
                0x08000f4c                USART2_IRQHandler
                0x08000f4c                COMP4_5_6_IRQHandler
                0x08000f4c                TIM20_BRK_IRQHandler
                0x08000f4c                I2C2_ER_IRQHandler
                0x08000f4c                TIM8_BRK_IRQHandler
                0x08000f4c                FLASH_IRQHandler
                0x08000f4c                TIM20_CC_IRQHandler
                0x08000f4c                USART1_IRQHandler
                0x08000f4c                SPI3_IRQHandler
                0x08000f4c                FMC_IRQHandler
                0x08000f4c                LPTIM1_IRQHandler
                0x08000f4c                DMAMUX_OVR_IRQHandler
                0x08000f4c                I2C4_ER_IRQHandler
                0x08000f4c                USBWakeUp_IRQHandler
                0x08000f4c                SAI1_IRQHandler
                0x08000f4c                DMA2_Channel3_IRQHandler
                0x08000f4c                TIM1_BRK_TIM15_IRQHandler
 .text.HAL_Init
                0x08000f4e       0x30 ./Drivers/STM32G4xx_HAL_Driver/Src/stm32g4xx_hal.o
                0x08000f4e                HAL_Init
 *fill*         0x08000f7e        0x2 
 .text.HAL_InitTick
                0x08000f80       0x74 ./Drivers/STM32G4xx_HAL_Driver/Src/stm32g4xx_hal.o
                0x08000f80                HAL_InitTick
 .text.HAL_IncTick
                0x08000ff4       0x24 ./Drivers/STM32G4xx_HAL_Driver/Src/stm32g4xx_hal.o
                0x08000ff4                HAL_IncTick
 .text.HAL_GetTick
                0x08001018       0x18 ./Drivers/STM32G4xx_HAL_Driver/Src/stm32g4xx_hal.o
                0x08001018                HAL_GetTick
 .text.HAL_Delay
                0x08001030       0x44 ./Drivers/STM32G4xx_HAL_Driver/Src/stm32g4xx_hal.o
                0x08001030                HAL_Delay
 .text.__NVIC_SetPriorityGrouping
                0x08001074       0x48 ./Drivers/STM32G4xx_HAL_Driver/Src/stm32g4xx_hal_cortex.o
 .text.__NVIC_GetPriorityGrouping
                0x080010bc       0x1c ./Drivers/STM32G4xx_HAL_Driver/Src/stm32g4xx_hal_cortex.o
 .text.__NVIC_EnableIRQ
                0x080010d8       0x3c ./Drivers/STM32G4xx_HAL_Driver/Src/stm32g4xx_hal_cortex.o
 .text.__NVIC_SetPriority
                0x08001114       0x54 ./Drivers/STM32G4xx_HAL_Driver/Src/stm32g4xx_hal_cortex.o
 .text.NVIC_EncodePriority
                0x08001168       0x66 ./Drivers/STM32G4xx_HAL_Driver/Src/stm32g4xx_hal_cortex.o
 *fill*         0x080011ce        0x2 
 .text.SysTick_Config
                0x080011d0       0x44 ./Drivers/STM32G4xx_HAL_Driver/Src/stm32g4xx_hal_cortex.o
 .text.HAL_NVIC_SetPriorityGrouping
                0x08001214       0x16 ./Drivers/STM32G4xx_HAL_Driver/Src/stm32g4xx_hal_cortex.o
                0x08001214                HAL_NVIC_SetPriorityGrouping
 .text.HAL_NVIC_SetPriority
                0x0800122a       0x34 ./Drivers/STM32G4xx_HAL_Driver/Src/stm32g4xx_hal_cortex.o
                0x0800122a                HAL_NVIC_SetPriority
 .text.HAL_NVIC_EnableIRQ
                0x0800125e       0x1c ./Drivers/STM32G4xx_HAL_Driver/Src/stm32g4xx_hal_cortex.o
                0x0800125e                HAL_NVIC_EnableIRQ
 .text.HAL_SYSTICK_Config
                0x0800127a       0x18 ./Drivers/STM32G4xx_HAL_Driver/Src/stm32g4xx_hal_cortex.o
                0x0800127a                HAL_SYSTICK_Config
 *fill*         0x08001292        0x2 
 .text.HAL_DMA_Init
                0x08001294      0x150 ./Drivers/STM32G4xx_HAL_Driver/Src/stm32g4xx_hal_dma.o
                0x08001294                HAL_DMA_Init
 .text.HAL_DMA_Start_IT
                0x080013e4       0xf6 ./Drivers/STM32G4xx_HAL_Driver/Src/stm32g4xx_hal_dma.o
                0x080013e4                HAL_DMA_Start_IT
 .text.HAL_DMA_Abort
                0x080014da       0xb2 ./Drivers/STM32G4xx_HAL_Driver/Src/stm32g4xx_hal_dma.o
                0x080014da                HAL_DMA_Abort
 .text.HAL_DMA_Abort_IT
                0x0800158c       0xce ./Drivers/STM32G4xx_HAL_Driver/Src/stm32g4xx_hal_dma.o
                0x0800158c                HAL_DMA_Abort_IT
 .text.HAL_DMA_IRQHandler
                0x0800165a      0x15e ./Drivers/STM32G4xx_HAL_Driver/Src/stm32g4xx_hal_dma.o
                0x0800165a                HAL_DMA_IRQHandler
 .text.HAL_DMA_GetState
                0x080017b8       0x1c ./Drivers/STM32G4xx_HAL_Driver/Src/stm32g4xx_hal_dma.o
                0x080017b8                HAL_DMA_GetState
 .text.DMA_SetConfig
                0x080017d4       0x7c ./Drivers/STM32G4xx_HAL_Driver/Src/stm32g4xx_hal_dma.o
 .text.DMA_CalcDMAMUXChannelBaseAndMask
                0x08001850       0x7c ./Drivers/STM32G4xx_HAL_Driver/Src/stm32g4xx_hal_dma.o
 .text.DMA_CalcDMAMUXRequestGenBaseAndMask
                0x080018cc       0x48 ./Drivers/STM32G4xx_HAL_Driver/Src/stm32g4xx_hal_dma.o
 .text.HAL_GPIO_Init
                0x08001914      0x304 ./Drivers/STM32G4xx_HAL_Driver/Src/stm32g4xx_hal_gpio.o
                0x08001914                HAL_GPIO_Init
 .text.HAL_GPIO_ReadPin
                0x08001c18       0x30 ./Drivers/STM32G4xx_HAL_Driver/Src/stm32g4xx_hal_gpio.o
                0x08001c18                HAL_GPIO_ReadPin
 .text.HAL_GPIO_WritePin
                0x08001c48       0x30 ./Drivers/STM32G4xx_HAL_Driver/Src/stm32g4xx_hal_gpio.o
                0x08001c48                HAL_GPIO_WritePin
 .text.HAL_GPIO_EXTI_IRQHandler
                0x08001c78       0x30 ./Drivers/STM32G4xx_HAL_Driver/Src/stm32g4xx_hal_gpio.o
                0x08001c78                HAL_GPIO_EXTI_IRQHandler
 .text.HAL_GPIO_EXTI_Callback
                0x08001ca8       0x16 ./Drivers/STM32G4xx_HAL_Driver/Src/stm32g4xx_hal_gpio.o
                0x08001ca8                HAL_GPIO_EXTI_Callback
 .text.HAL_I2C_Init
                0x08001cbe      0x136 ./Drivers/STM32G4xx_HAL_Driver/Src/stm32g4xx_hal_i2c.o
                0x08001cbe                HAL_I2C_Init
 .text.HAL_I2C_Mem_Write_IT
                0x08001df4      0x114 ./Drivers/STM32G4xx_HAL_Driver/Src/stm32g4xx_hal_i2c.o
                0x08001df4                HAL_I2C_Mem_Write_IT
 .text.HAL_I2C_Mem_Read_IT
                0x08001f08      0x10c ./Drivers/STM32G4xx_HAL_Driver/Src/stm32g4xx_hal_i2c.o
                0x08001f08                HAL_I2C_Mem_Read_IT
 .text.HAL_I2C_EV_IRQHandler
                0x08002014       0x34 ./Drivers/STM32G4xx_HAL_Driver/Src/stm32g4xx_hal_i2c.o
                0x08002014                HAL_I2C_EV_IRQHandler
 .text.HAL_I2C_ER_IRQHandler
                0x08002048       0xb6 ./Drivers/STM32G4xx_HAL_Driver/Src/stm32g4xx_hal_i2c.o
                0x08002048                HAL_I2C_ER_IRQHandler
 .text.HAL_I2C_MasterTxCpltCallback
                0x080020fe       0x14 ./Drivers/STM32G4xx_HAL_Driver/Src/stm32g4xx_hal_i2c.o
                0x080020fe                HAL_I2C_MasterTxCpltCallback
 .text.HAL_I2C_MasterRxCpltCallback
                0x08002112       0x14 ./Drivers/STM32G4xx_HAL_Driver/Src/stm32g4xx_hal_i2c.o
                0x08002112                HAL_I2C_MasterRxCpltCallback
 .text.HAL_I2C_SlaveTxCpltCallback
                0x08002126       0x14 ./Drivers/STM32G4xx_HAL_Driver/Src/stm32g4xx_hal_i2c.o
                0x08002126                HAL_I2C_SlaveTxCpltCallback
 .text.HAL_I2C_SlaveRxCpltCallback
                0x0800213a       0x14 ./Drivers/STM32G4xx_HAL_Driver/Src/stm32g4xx_hal_i2c.o
                0x0800213a                HAL_I2C_SlaveRxCpltCallback
 .text.HAL_I2C_AddrCallback
                0x0800214e       0x1c ./Drivers/STM32G4xx_HAL_Driver/Src/stm32g4xx_hal_i2c.o
                0x0800214e                HAL_I2C_AddrCallback
 .text.HAL_I2C_ListenCpltCallback
                0x0800216a       0x14 ./Drivers/STM32G4xx_HAL_Driver/Src/stm32g4xx_hal_i2c.o
                0x0800216a                HAL_I2C_ListenCpltCallback
 .text.HAL_I2C_MemTxCpltCallback
                0x0800217e       0x14 ./Drivers/STM32G4xx_HAL_Driver/Src/stm32g4xx_hal_i2c.o
                0x0800217e                HAL_I2C_MemTxCpltCallback
 .text.HAL_I2C_MemRxCpltCallback
                0x08002192       0x14 ./Drivers/STM32G4xx_HAL_Driver/Src/stm32g4xx_hal_i2c.o
                0x08002192                HAL_I2C_MemRxCpltCallback
 .text.HAL_I2C_ErrorCallback
                0x080021a6       0x14 ./Drivers/STM32G4xx_HAL_Driver/Src/stm32g4xx_hal_i2c.o
                0x080021a6                HAL_I2C_ErrorCallback
 .text.HAL_I2C_AbortCpltCallback
                0x080021ba       0x14 ./Drivers/STM32G4xx_HAL_Driver/Src/stm32g4xx_hal_i2c.o
                0x080021ba                HAL_I2C_AbortCpltCallback
 *fill*         0x080021ce        0x2 
 .text.I2C_Mem_ISR_IT
                0x080021d0      0x24c ./Drivers/STM32G4xx_HAL_Driver/Src/stm32g4xx_hal_i2c.o
 .text.I2C_Slave_ISR_IT
                0x0800241c      0x1f2 ./Drivers/STM32G4xx_HAL_Driver/Src/stm32g4xx_hal_i2c.o
 .text.I2C_Master_ISR_DMA
                0x0800260e      0x1d6 ./Drivers/STM32G4xx_HAL_Driver/Src/stm32g4xx_hal_i2c.o
 .text.I2C_Mem_ISR_DMA
                0x080027e4      0x24c ./Drivers/STM32G4xx_HAL_Driver/Src/stm32g4xx_hal_i2c.o
 .text.I2C_Slave_ISR_DMA
                0x08002a30      0x1ae ./Drivers/STM32G4xx_HAL_Driver/Src/stm32g4xx_hal_i2c.o
 .text.I2C_ITAddrCplt
                0x08002bde      0x108 ./Drivers/STM32G4xx_HAL_Driver/Src/stm32g4xx_hal_i2c.o
 .text.I2C_ITMasterSeqCplt
                0x08002ce6       0x7a ./Drivers/STM32G4xx_HAL_Driver/Src/stm32g4xx_hal_i2c.o
 .text.I2C_ITSlaveSeqCplt
                0x08002d60       0xb8 ./Drivers/STM32G4xx_HAL_Driver/Src/stm32g4xx_hal_i2c.o
 .text.I2C_ITMasterCplt
                0x08002e18      0x190 ./Drivers/STM32G4xx_HAL_Driver/Src/stm32g4xx_hal_i2c.o
 .text.I2C_ITSlaveCplt
                0x08002fa8      0x2c8 ./Drivers/STM32G4xx_HAL_Driver/Src/stm32g4xx_hal_i2c.o
 .text.I2C_ITListenCplt
                0x08003270       0xa8 ./Drivers/STM32G4xx_HAL_Driver/Src/stm32g4xx_hal_i2c.o
 .text.I2C_ITError
                0x08003318      0x1e0 ./Drivers/STM32G4xx_HAL_Driver/Src/stm32g4xx_hal_i2c.o
 .text.I2C_TreatErrorCallback
                0x080034f8       0x4e ./Drivers/STM32G4xx_HAL_Driver/Src/stm32g4xx_hal_i2c.o
 .text.I2C_Flush_TXDR
                0x08003546       0x48 ./Drivers/STM32G4xx_HAL_Driver/Src/stm32g4xx_hal_i2c.o
 .text.I2C_DMAAbort
                0x0800358e       0x3c ./Drivers/STM32G4xx_HAL_Driver/Src/stm32g4xx_hal_i2c.o
 *fill*         0x080035ca        0x2 
 .text.I2C_TransferConfig
                0x080035cc       0x64 ./Drivers/STM32G4xx_HAL_Driver/Src/stm32g4xx_hal_i2c.o
 .text.I2C_Enable_IRQ
                0x08003630      0x108 ./Drivers/STM32G4xx_HAL_Driver/Src/stm32g4xx_hal_i2c.o
 .text.I2C_Disable_IRQ
                0x08003738       0xbc ./Drivers/STM32G4xx_HAL_Driver/Src/stm32g4xx_hal_i2c.o
 .text.HAL_I2CEx_ConfigAnalogFilter
                0x080037f4       0x96 ./Drivers/STM32G4xx_HAL_Driver/Src/stm32g4xx_hal_i2c_ex.o
                0x080037f4                HAL_I2CEx_ConfigAnalogFilter
 .text.HAL_I2CEx_ConfigDigitalFilter
                0x0800388a       0x98 ./Drivers/STM32G4xx_HAL_Driver/Src/stm32g4xx_hal_i2c_ex.o
                0x0800388a                HAL_I2CEx_ConfigDigitalFilter
 *fill*         0x08003922        0x2 
 .text.HAL_PWREx_ControlVoltageScaling
                0x08003924      0x148 ./Drivers/STM32G4xx_HAL_Driver/Src/stm32g4xx_hal_pwr_ex.o
                0x08003924                HAL_PWREx_ControlVoltageScaling
 .text.HAL_PWREx_DisableUCPDDeadBattery
                0x08003a6c       0x20 ./Drivers/STM32G4xx_HAL_Driver/Src/stm32g4xx_hal_pwr_ex.o
                0x08003a6c                HAL_PWREx_DisableUCPDDeadBattery
 .text.HAL_RCC_OscConfig
                0x08003a8c      0x624 ./Drivers/STM32G4xx_HAL_Driver/Src/stm32g4xx_hal_rcc.o
                0x08003a8c                HAL_RCC_OscConfig
 .text.HAL_RCC_ClockConfig
                0x080040b0      0x278 ./Drivers/STM32G4xx_HAL_Driver/Src/stm32g4xx_hal_rcc.o
                0x080040b0                HAL_RCC_ClockConfig
 .text.HAL_RCC_GetSysClockFreq
                0x08004328       0xc4 ./Drivers/STM32G4xx_HAL_Driver/Src/stm32g4xx_hal_rcc.o
                0x08004328                HAL_RCC_GetSysClockFreq
 .text.HAL_RCC_GetHCLKFreq
                0x080043ec       0x18 ./Drivers/STM32G4xx_HAL_Driver/Src/stm32g4xx_hal_rcc.o
                0x080043ec                HAL_RCC_GetHCLKFreq
 .text.HAL_RCC_GetPCLK1Freq
                0x08004404       0x2c ./Drivers/STM32G4xx_HAL_Driver/Src/stm32g4xx_hal_rcc.o
                0x08004404                HAL_RCC_GetPCLK1Freq
 .text.HAL_RCC_GetPCLK2Freq
                0x08004430       0x2c ./Drivers/STM32G4xx_HAL_Driver/Src/stm32g4xx_hal_rcc.o
                0x08004430                HAL_RCC_GetPCLK2Freq
 .text.RCC_GetSysClockFreqFromPLLSource
                0x0800445c       0x8c ./Drivers/STM32G4xx_HAL_Driver/Src/stm32g4xx_hal_rcc.o
 .text.HAL_RCCEx_PeriphCLKConfig
                0x080044e8      0x49c ./Drivers/STM32G4xx_HAL_Driver/Src/stm32g4xx_hal_rcc_ex.o
                0x080044e8                HAL_RCCEx_PeriphCLKConfig
 .text.HAL_UART_Init
                0x08004984       0xa0 ./Drivers/STM32G4xx_HAL_Driver/Src/stm32g4xx_hal_uart.o
                0x08004984                HAL_UART_Init
 .text.HAL_UART_Transmit
                0x08004a24      0x11c ./Drivers/STM32G4xx_HAL_Driver/Src/stm32g4xx_hal_uart.o
                0x08004a24                HAL_UART_Transmit
 .text.HAL_UART_Receive
                0x08004b40      0x190 ./Drivers/STM32G4xx_HAL_Driver/Src/stm32g4xx_hal_uart.o
                0x08004b40                HAL_UART_Receive
 .text.HAL_UART_Transmit_DMA
                0x08004cd0      0x100 ./Drivers/STM32G4xx_HAL_Driver/Src/stm32g4xx_hal_uart.o
                0x08004cd0                HAL_UART_Transmit_DMA
 .text.HAL_UART_IRQHandler
                0x08004dd0      0x648 ./Drivers/STM32G4xx_HAL_Driver/Src/stm32g4xx_hal_uart.o
                0x08004dd0                HAL_UART_IRQHandler
 .text.HAL_UART_TxCpltCallback
                0x08005418       0x14 ./Drivers/STM32G4xx_HAL_Driver/Src/stm32g4xx_hal_uart.o
                0x08005418                HAL_UART_TxCpltCallback
 .text.HAL_UART_TxHalfCpltCallback
                0x0800542c       0x14 ./Drivers/STM32G4xx_HAL_Driver/Src/stm32g4xx_hal_uart.o
                0x0800542c                HAL_UART_TxHalfCpltCallback
 .text.HAL_UART_ErrorCallback
                0x08005440       0x14 ./Drivers/STM32G4xx_HAL_Driver/Src/stm32g4xx_hal_uart.o
                0x08005440                HAL_UART_ErrorCallback
 .text.HAL_UARTEx_RxEventCallback
                0x08005454       0x18 ./Drivers/STM32G4xx_HAL_Driver/Src/stm32g4xx_hal_uart.o
                0x08005454                HAL_UARTEx_RxEventCallback
 .text.UART_SetConfig
                0x0800546c      0x5f8 ./Drivers/STM32G4xx_HAL_Driver/Src/stm32g4xx_hal_uart.o
                0x0800546c                UART_SetConfig
 .text.UART_AdvFeatureConfig
                0x08005a64      0x144 ./Drivers/STM32G4xx_HAL_Driver/Src/stm32g4xx_hal_uart.o
                0x08005a64                UART_AdvFeatureConfig
 .text.UART_CheckIdleState
                0x08005ba8      0x154 ./Drivers/STM32G4xx_HAL_Driver/Src/stm32g4xx_hal_uart.o
                0x08005ba8                UART_CheckIdleState
 .text.UART_WaitOnFlagUntilTimeout
                0x08005cfc       0xda ./Drivers/STM32G4xx_HAL_Driver/Src/stm32g4xx_hal_uart.o
                0x08005cfc                UART_WaitOnFlagUntilTimeout
 .text.UART_EndTxTransfer
                0x08005dd6       0x82 ./Drivers/STM32G4xx_HAL_Driver/Src/stm32g4xx_hal_uart.o
 .text.UART_EndRxTransfer
                0x08005e58       0xcc ./Drivers/STM32G4xx_HAL_Driver/Src/stm32g4xx_hal_uart.o
 .text.UART_DMATransmitCplt
                0x08005f24       0x9a ./Drivers/STM32G4xx_HAL_Driver/Src/stm32g4xx_hal_uart.o
 .text.UART_DMATxHalfCplt
                0x08005fbe       0x1c ./Drivers/STM32G4xx_HAL_Driver/Src/stm32g4xx_hal_uart.o
 .text.UART_DMAError
                0x08005fda       0x80 ./Drivers/STM32G4xx_HAL_Driver/Src/stm32g4xx_hal_uart.o
 .text.UART_DMAAbortOnError
                0x0800605a       0x2c ./Drivers/STM32G4xx_HAL_Driver/Src/stm32g4xx_hal_uart.o
 .text.UART_EndTransmit_IT
                0x08006086       0x56 ./Drivers/STM32G4xx_HAL_Driver/Src/stm32g4xx_hal_uart.o
 .text.HAL_UARTEx_WakeupCallback
                0x080060dc       0x14 ./Drivers/STM32G4xx_HAL_Driver/Src/stm32g4xx_hal_uart_ex.o
                0x080060dc                HAL_UARTEx_WakeupCallback
 .text.HAL_UARTEx_RxFifoFullCallback
                0x080060f0       0x14 ./Drivers/STM32G4xx_HAL_Driver/Src/stm32g4xx_hal_uart_ex.o
                0x080060f0                HAL_UARTEx_RxFifoFullCallback
 .text.HAL_UARTEx_TxFifoEmptyCallback
                0x08006104       0x14 ./Drivers/STM32G4xx_HAL_Driver/Src/stm32g4xx_hal_uart_ex.o
                0x08006104                HAL_UARTEx_TxFifoEmptyCallback
 .text.HAL_UARTEx_DisableFifoMode
                0x08006118       0x72 ./Drivers/STM32G4xx_HAL_Driver/Src/stm32g4xx_hal_uart_ex.o
                0x08006118                HAL_UARTEx_DisableFifoMode
 .text.HAL_UARTEx_SetTxFifoThreshold
                0x0800618a       0x7c ./Drivers/STM32G4xx_HAL_Driver/Src/stm32g4xx_hal_uart_ex.o
                0x0800618a                HAL_UARTEx_SetTxFifoThreshold
 .text.HAL_UARTEx_SetRxFifoThreshold
                0x08006206       0x7c ./Drivers/STM32G4xx_HAL_Driver/Src/stm32g4xx_hal_uart_ex.o
                0x08006206                HAL_UARTEx_SetRxFifoThreshold
 *fill*         0x08006282        0x2 
 .text.UARTEx_SetNbDataToProcess
                0x08006284       0x9c ./Drivers/STM32G4xx_HAL_Driver/Src/stm32g4xx_hal_uart_ex.o
 .text.memset   0x08006320       0x10 C:/Users/work/year2/Digital_Elec/STM32CubeIDE_1.13.2/STM32CubeIDE/plugins/com.st.stm32cube.ide.mcu.externaltools.gnu-tools-for-stm32.12.3.rel1.win32_1.0.100.202403111256/tools/bin/../lib/gcc/arm-none-eabi/12.3.1/../../../../arm-none-eabi/lib/thumb/v7e-m+fp/hard\libc_nano.a(libc_a-memset.o)
                0x08006320                memset
 .text.__libc_init_array
                0x08006330       0x48 C:/Users/work/year2/Digital_Elec/STM32CubeIDE_1.13.2/STM32CubeIDE/plugins/com.st.stm32cube.ide.mcu.externaltools.gnu-tools-for-stm32.12.3.rel1.win32_1.0.100.202403111256/tools/bin/../lib/gcc/arm-none-eabi/12.3.1/../../../../arm-none-eabi/lib/thumb/v7e-m+fp/hard\libc_nano.a(libc_a-init.o)
                0x08006330                __libc_init_array
 *(.glue_7)
 .glue_7        0x08006378        0x0 linker stubs
 *(.glue_7t)
 .glue_7t       0x08006378        0x0 linker stubs
 *(.eh_frame)
 .eh_frame      0x08006378        0x0 C:/Users/work/year2/Digital_Elec/STM32CubeIDE_1.13.2/STM32CubeIDE/plugins/com.st.stm32cube.ide.mcu.externaltools.gnu-tools-for-stm32.12.3.rel1.win32_1.0.100.202403111256/tools/bin/../lib/gcc/arm-none-eabi/12.3.1/thumb/v7e-m+fp/hard/crtbegin.o
 *(.init)
 .init          0x08006378        0x4 C:/Users/work/year2/Digital_Elec/STM32CubeIDE_1.13.2/STM32CubeIDE/plugins/com.st.stm32cube.ide.mcu.externaltools.gnu-tools-for-stm32.12.3.rel1.win32_1.0.100.202403111256/tools/bin/../lib/gcc/arm-none-eabi/12.3.1/thumb/v7e-m+fp/hard/crti.o
                0x08006378                _init
 .init          0x0800637c        0x8 C:/Users/work/year2/Digital_Elec/STM32CubeIDE_1.13.2/STM32CubeIDE/plugins/com.st.stm32cube.ide.mcu.externaltools.gnu-tools-for-stm32.12.3.rel1.win32_1.0.100.202403111256/tools/bin/../lib/gcc/arm-none-eabi/12.3.1/thumb/v7e-m+fp/hard/crtn.o
 *(.fini)
 .fini          0x08006384        0x4 C:/Users/work/year2/Digital_Elec/STM32CubeIDE_1.13.2/STM32CubeIDE/plugins/com.st.stm32cube.ide.mcu.externaltools.gnu-tools-for-stm32.12.3.rel1.win32_1.0.100.202403111256/tools/bin/../lib/gcc/arm-none-eabi/12.3.1/thumb/v7e-m+fp/hard/crti.o
                0x08006384                _fini
 .fini          0x08006388        0x8 C:/Users/work/year2/Digital_Elec/STM32CubeIDE_1.13.2/STM32CubeIDE/plugins/com.st.stm32cube.ide.mcu.externaltools.gnu-tools-for-stm32.12.3.rel1.win32_1.0.100.202403111256/tools/bin/../lib/gcc/arm-none-eabi/12.3.1/thumb/v7e-m+fp/hard/crtn.o
                0x08006390                        . = ALIGN (0x4)
                0x08006390                        _etext = .

.vfp11_veneer   0x08006390        0x0
 .vfp11_veneer  0x08006390        0x0 linker stubs

.v4_bx          0x08006390        0x0
 .v4_bx         0x08006390        0x0 linker stubs

.iplt           0x08006390        0x0
 .iplt          0x08006390        0x0 C:/Users/work/year2/Digital_Elec/STM32CubeIDE_1.13.2/STM32CubeIDE/plugins/com.st.stm32cube.ide.mcu.externaltools.gnu-tools-for-stm32.12.3.rel1.win32_1.0.100.202403111256/tools/bin/../lib/gcc/arm-none-eabi/12.3.1/thumb/v7e-m+fp/hard/crtbegin.o

.rodata         0x08006390       0x78
                0x08006390                        . = ALIGN (0x4)
 *(.rodata)
 .rodata        0x08006390       0x38 ./Core/Src/main.o
 *(.rodata*)
 .rodata.AHBPrescTable
                0x080063c8       0x10 ./Core/Src/system_stm32g4xx.o
                0x080063c8                AHBPrescTable
 .rodata.APBPrescTable
                0x080063d8        0x8 ./Core/Src/system_stm32g4xx.o
                0x080063d8                APBPrescTable
 .rodata.UARTPrescTable
                0x080063e0       0x18 ./Drivers/STM32G4xx_HAL_Driver/Src/stm32g4xx_hal_uart.o
                0x080063e0                UARTPrescTable
 .rodata.numerator.1
                0x080063f8        0x8 ./Drivers/STM32G4xx_HAL_Driver/Src/stm32g4xx_hal_uart_ex.o
 .rodata.denominator.0
                0x08006400        0x8 ./Drivers/STM32G4xx_HAL_Driver/Src/stm32g4xx_hal_uart_ex.o
                0x08006408                        . = ALIGN (0x4)

.ARM.extab      0x08006408        0x0
                0x08006408                        . = ALIGN (0x4)
 *(.ARM.extab* .gnu.linkonce.armextab.*)
                0x08006408                        . = ALIGN (0x4)

.ARM            0x08006408        0x8
                0x08006408                        . = ALIGN (0x4)
                0x08006408                        __exidx_start = .
 *(.ARM.exidx*)
 .ARM.exidx     0x08006408        0x8 C:/Users/work/year2/Digital_Elec/STM32CubeIDE_1.13.2/STM32CubeIDE/plugins/com.st.stm32cube.ide.mcu.externaltools.gnu-tools-for-stm32.12.3.rel1.win32_1.0.100.202403111256/tools/bin/../lib/gcc/arm-none-eabi/12.3.1/thumb/v7e-m+fp/hard\libgcc.a(_udivmoddi4.o)
                0x08006410                        __exidx_end = .
                0x08006410                        . = ALIGN (0x4)

.preinit_array  0x08006410        0x0
                0x08006410                        . = ALIGN (0x4)
                0x08006410                        PROVIDE (__preinit_array_start = .)
 *(.preinit_array*)
                0x08006410                        PROVIDE (__preinit_array_end = .)
                0x08006410                        . = ALIGN (0x4)

.init_array     0x08006410        0x4
                0x08006410                        . = ALIGN (0x4)
                0x08006410                        PROVIDE (__init_array_start = .)
 *(SORT_BY_NAME(.init_array.*))
 *(.init_array*)
 .init_array    0x08006410        0x4 C:/Users/work/year2/Digital_Elec/STM32CubeIDE_1.13.2/STM32CubeIDE/plugins/com.st.stm32cube.ide.mcu.externaltools.gnu-tools-for-stm32.12.3.rel1.win32_1.0.100.202403111256/tools/bin/../lib/gcc/arm-none-eabi/12.3.1/thumb/v7e-m+fp/hard/crtbegin.o
                0x08006414                        PROVIDE (__init_array_end = .)
                0x08006414                        . = ALIGN (0x4)

.fini_array     0x08006414        0x4
                0x08006414                        . = ALIGN (0x4)
                [!provide]                        PROVIDE (__fini_array_start = .)
 *(SORT_BY_NAME(.fini_array.*))
 *(.fini_array*)
 .fini_array    0x08006414        0x4 C:/Users/work/year2/Digital_Elec/STM32CubeIDE_1.13.2/STM32CubeIDE/plugins/com.st.stm32cube.ide.mcu.externaltools.gnu-tools-for-stm32.12.3.rel1.win32_1.0.100.202403111256/tools/bin/../lib/gcc/arm-none-eabi/12.3.1/thumb/v7e-m+fp/hard/crtbegin.o
                [!provide]                        PROVIDE (__fini_array_end = .)
                0x08006418                        . = ALIGN (0x4)
                0x08006418                        _sidata = LOADADDR (.data)

.rel.dyn        0x08006418        0x0
 .rel.iplt      0x08006418        0x0 C:/Users/work/year2/Digital_Elec/STM32CubeIDE_1.13.2/STM32CubeIDE/plugins/com.st.stm32cube.ide.mcu.externaltools.gnu-tools-for-stm32.12.3.rel1.win32_1.0.100.202403111256/tools/bin/../lib/gcc/arm-none-eabi/12.3.1/thumb/v7e-m+fp/hard/crtbegin.o

.data           0x20000000        0xc load address 0x08006418
                0x20000000                        . = ALIGN (0x4)
                0x20000000                        _sdata = .
 *(.data)
 *(.data*)
 .data.SystemCoreClock
                0x20000000        0x4 ./Core/Src/system_stm32g4xx.o
                0x20000000                SystemCoreClock
 .data.uwTickPrio
                0x20000004        0x4 ./Drivers/STM32G4xx_HAL_Driver/Src/stm32g4xx_hal.o
                0x20000004                uwTickPrio
 .data.uwTickFreq
                0x20000008        0x4 ./Drivers/STM32G4xx_HAL_Driver/Src/stm32g4xx_hal.o
                0x20000008                uwTickFreq
 *(.RamFunc)
 *(.RamFunc*)
                0x2000000c                        . = ALIGN (0x4)
                0x2000000c                        _edata = .

.igot.plt       0x2000000c        0x0 load address 0x08006424
 .igot.plt      0x2000000c        0x0 C:/Users/work/year2/Digital_Elec/STM32CubeIDE_1.13.2/STM32CubeIDE/plugins/com.st.stm32cube.ide.mcu.externaltools.gnu-tools-for-stm32.12.3.rel1.win32_1.0.100.202403111256/tools/bin/../lib/gcc/arm-none-eabi/12.3.1/thumb/v7e-m+fp/hard/crtbegin.o
                0x2000000c                        . = ALIGN (0x4)

.bss            0x2000000c      0x29c load address 0x08006424
                0x2000000c                        _sbss = .
                0x2000000c                        __bss_start__ = _sbss
 *(.bss)
 .bss           0x2000000c       0x1c C:/Users/work/year2/Digital_Elec/STM32CubeIDE_1.13.2/STM32CubeIDE/plugins/com.st.stm32cube.ide.mcu.externaltools.gnu-tools-for-stm32.12.3.rel1.win32_1.0.100.202403111256/tools/bin/../lib/gcc/arm-none-eabi/12.3.1/thumb/v7e-m+fp/hard/crtbegin.o
 *(.bss*)
 .bss.hi2c1     0x20000028       0x54 ./Core/Src/main.o
                0x20000028                hi2c1
 .bss.hdma_i2c1_rx
                0x2000007c       0x60 ./Core/Src/main.o
                0x2000007c                hdma_i2c1_rx
 .bss.hdma_i2c1_tx
                0x200000dc       0x60 ./Core/Src/main.o
                0x200000dc                hdma_i2c1_tx
 .bss.hlpuart1  0x2000013c       0x94 ./Core/Src/main.o
                0x2000013c                hlpuart1
 .bss.hdma_lpuart1_rx
                0x200001d0       0x60 ./Core/Src/main.o
                0x200001d0                hdma_lpuart1_rx
 .bss.hdma_lpuart1_tx
                0x20000230       0x60 ./Core/Src/main.o
                0x20000230                hdma_lpuart1_tx
 .bss.Read      0x20000290        0x4 ./Core/Src/main.o
                0x20000290                Read
 .bss.State     0x20000294        0x1 ./Core/Src/main.o
                0x20000294                State
 .bss.Diff      0x20000295        0x1 ./Core/Src/main.o
                0x20000295                Diff
 .bss.stop      0x20000296        0x1 ./Core/Src/main.o
                0x20000296                stop
 .bss.index     0x20000297        0x1 ./Core/Src/main.o
                0x20000297                index
 .bss.Check     0x20000298        0x1 ./Core/Src/main.o
                0x20000298                Check
 .bss.Check1    0x20000299        0x1 ./Core/Src/main.o
                0x20000299                Check1
 .bss.Check2    0x2000029a        0x1 ./Core/Src/main.o
                0x2000029a                Check2
 .bss.Check3    0x2000029b        0x1 ./Core/Src/main.o
                0x2000029b                Check3
 .bss.memRead   0x2000029c        0x3 ./Core/Src/main.o
                0x2000029c                memRead
 .bss.slot      0x2000029f        0x1 ./Core/Src/main.o
                0x2000029f                slot
 .bss.slot_mem  0x200002a0        0x3 ./Core/Src/main.o
                0x200002a0                slot_mem
 *fill*         0x200002a3        0x1 
 .bss.uwTick    0x200002a4        0x4 ./Drivers/STM32G4xx_HAL_Driver/Src/stm32g4xx_hal.o
                0x200002a4                uwTick
 *(COMMON)
                0x200002a8                        . = ALIGN (0x4)
                0x200002a8                        _ebss = .
                0x200002a8                        __bss_end__ = _ebss

._user_heap_stack
                0x200002a8      0x600 load address 0x08006424
                0x200002a8                        . = ALIGN (0x8)
                [!provide]                        PROVIDE (end = .)
                0x200002a8                        PROVIDE (_end = .)
                0x200004a8                        . = (. + _Min_Heap_Size)
 *fill*         0x200002a8      0x200 
                0x200008a8                        . = (. + _Min_Stack_Size)
 *fill*         0x200004a8      0x400 
                0x200008a8                        . = ALIGN (0x8)

/DISCARD/
 libc.a(*)
 libm.a(*)
 libgcc.a(*)

.ARM.attributes
                0x00000000       0x30
 *(.ARM.attributes)
 .ARM.attributes
                0x00000000       0x22 C:/Users/work/year2/Digital_Elec/STM32CubeIDE_1.13.2/STM32CubeIDE/plugins/com.st.stm32cube.ide.mcu.externaltools.gnu-tools-for-stm32.12.3.rel1.win32_1.0.100.202403111256/tools/bin/../lib/gcc/arm-none-eabi/12.3.1/thumb/v7e-m+fp/hard/crti.o
 .ARM.attributes
                0x00000022       0x34 C:/Users/work/year2/Digital_Elec/STM32CubeIDE_1.13.2/STM32CubeIDE/plugins/com.st.stm32cube.ide.mcu.externaltools.gnu-tools-for-stm32.12.3.rel1.win32_1.0.100.202403111256/tools/bin/../lib/gcc/arm-none-eabi/12.3.1/thumb/v7e-m+fp/hard/crtbegin.o
 .ARM.attributes
                0x00000056       0x34 ./Core/Src/main.o
 .ARM.attributes
                0x0000008a       0x34 ./Core/Src/stm32g4xx_hal_msp.o
 .ARM.attributes
                0x000000be       0x34 ./Core/Src/stm32g4xx_it.o
 .ARM.attributes
                0x000000f2       0x34 ./Core/Src/system_stm32g4xx.o
 .ARM.attributes
                0x00000126       0x21 ./Core/Startup/startup_stm32g474retx.o
 .ARM.attributes
                0x00000147       0x34 ./Drivers/STM32G4xx_HAL_Driver/Src/stm32g4xx_hal.o
 .ARM.attributes
                0x0000017b       0x34 ./Drivers/STM32G4xx_HAL_Driver/Src/stm32g4xx_hal_cortex.o
 .ARM.attributes
                0x000001af       0x34 ./Drivers/STM32G4xx_HAL_Driver/Src/stm32g4xx_hal_dma.o
 .ARM.attributes
                0x000001e3       0x34 ./Drivers/STM32G4xx_HAL_Driver/Src/stm32g4xx_hal_gpio.o
 .ARM.attributes
                0x00000217       0x34 ./Drivers/STM32G4xx_HAL_Driver/Src/stm32g4xx_hal_i2c.o
 .ARM.attributes
                0x0000024b       0x34 ./Drivers/STM32G4xx_HAL_Driver/Src/stm32g4xx_hal_i2c_ex.o
 .ARM.attributes
                0x0000027f       0x34 ./Drivers/STM32G4xx_HAL_Driver/Src/stm32g4xx_hal_pwr_ex.o
 .ARM.attributes
                0x000002b3       0x34 ./Drivers/STM32G4xx_HAL_Driver/Src/stm32g4xx_hal_rcc.o
 .ARM.attributes
                0x000002e7       0x34 ./Drivers/STM32G4xx_HAL_Driver/Src/stm32g4xx_hal_rcc_ex.o
 .ARM.attributes
                0x0000031b       0x34 ./Drivers/STM32G4xx_HAL_Driver/Src/stm32g4xx_hal_uart.o
 .ARM.attributes
                0x0000034f       0x34 ./Drivers/STM32G4xx_HAL_Driver/Src/stm32g4xx_hal_uart_ex.o
 .ARM.attributes
                0x00000383       0x34 C:/Users/work/year2/Digital_Elec/STM32CubeIDE_1.13.2/STM32CubeIDE/plugins/com.st.stm32cube.ide.mcu.externaltools.gnu-tools-for-stm32.12.3.rel1.win32_1.0.100.202403111256/tools/bin/../lib/gcc/arm-none-eabi/12.3.1/../../../../arm-none-eabi/lib/thumb/v7e-m+fp/hard\libc_nano.a(libc_a-memset.o)
 .ARM.attributes
                0x000003b7       0x34 C:/Users/work/year2/Digital_Elec/STM32CubeIDE_1.13.2/STM32CubeIDE/plugins/com.st.stm32cube.ide.mcu.externaltools.gnu-tools-for-stm32.12.3.rel1.win32_1.0.100.202403111256/tools/bin/../lib/gcc/arm-none-eabi/12.3.1/../../../../arm-none-eabi/lib/thumb/v7e-m+fp/hard\libc_nano.a(libc_a-init.o)
 .ARM.attributes
                0x000003eb       0x22 C:/Users/work/year2/Digital_Elec/STM32CubeIDE_1.13.2/STM32CubeIDE/plugins/com.st.stm32cube.ide.mcu.externaltools.gnu-tools-for-stm32.12.3.rel1.win32_1.0.100.202403111256/tools/bin/../lib/gcc/arm-none-eabi/12.3.1/thumb/v7e-m+fp/hard\libgcc.a(_aeabi_uldivmod.o)
 .ARM.attributes
                0x0000040d       0x34 C:/Users/work/year2/Digital_Elec/STM32CubeIDE_1.13.2/STM32CubeIDE/plugins/com.st.stm32cube.ide.mcu.externaltools.gnu-tools-for-stm32.12.3.rel1.win32_1.0.100.202403111256/tools/bin/../lib/gcc/arm-none-eabi/12.3.1/thumb/v7e-m+fp/hard\libgcc.a(_udivmoddi4.o)
 .ARM.attributes
                0x00000441       0x22 C:/Users/work/year2/Digital_Elec/STM32CubeIDE_1.13.2/STM32CubeIDE/plugins/com.st.stm32cube.ide.mcu.externaltools.gnu-tools-for-stm32.12.3.rel1.win32_1.0.100.202403111256/tools/bin/../lib/gcc/arm-none-eabi/12.3.1/thumb/v7e-m+fp/hard\libgcc.a(_dvmd_tls.o)
 .ARM.attributes
                0x00000463       0x22 C:/Users/work/year2/Digital_Elec/STM32CubeIDE_1.13.2/STM32CubeIDE/plugins/com.st.stm32cube.ide.mcu.externaltools.gnu-tools-for-stm32.12.3.rel1.win32_1.0.100.202403111256/tools/bin/../lib/gcc/arm-none-eabi/12.3.1/thumb/v7e-m+fp/hard/crtn.o
OUTPUT(MicroGame.elf elf32-littlearm)
LOAD linker stubs
LOAD C:/Users/work/year2/Digital_Elec/STM32CubeIDE_1.13.2/STM32CubeIDE/plugins/com.st.stm32cube.ide.mcu.externaltools.gnu-tools-for-stm32.12.3.rel1.win32_1.0.100.202403111256/tools/bin/../lib/gcc/arm-none-eabi/12.3.1/../../../../arm-none-eabi/lib/thumb/v7e-m+fp/hard\libc.a
LOAD C:/Users/work/year2/Digital_Elec/STM32CubeIDE_1.13.2/STM32CubeIDE/plugins/com.st.stm32cube.ide.mcu.externaltools.gnu-tools-for-stm32.12.3.rel1.win32_1.0.100.202403111256/tools/bin/../lib/gcc/arm-none-eabi/12.3.1/../../../../arm-none-eabi/lib/thumb/v7e-m+fp/hard\libm.a
LOAD C:/Users/work/year2/Digital_Elec/STM32CubeIDE_1.13.2/STM32CubeIDE/plugins/com.st.stm32cube.ide.mcu.externaltools.gnu-tools-for-stm32.12.3.rel1.win32_1.0.100.202403111256/tools/bin/../lib/gcc/arm-none-eabi/12.3.1/thumb/v7e-m+fp/hard\libgcc.a

.debug_info     0x00000000    0x10dcc
 .debug_info    0x00000000     0x1887 ./Core/Src/main.o
 .debug_info    0x00001887     0x142b ./Core/Src/stm32g4xx_hal_msp.o
 .debug_info    0x00002cb2      0xc48 ./Core/Src/stm32g4xx_it.o
 .debug_info    0x000038fa      0x58e ./Core/Src/system_stm32g4xx.o
 .debug_info    0x00003e88       0x30 ./Core/Startup/startup_stm32g474retx.o
 .debug_info    0x00003eb8      0xb95 ./Drivers/STM32G4xx_HAL_Driver/Src/stm32g4xx_hal.o
 .debug_info    0x00004a4d      0xdad ./Drivers/STM32G4xx_HAL_Driver/Src/stm32g4xx_hal_cortex.o
 .debug_info    0x000057fa      0x85f ./Drivers/STM32G4xx_HAL_Driver/Src/stm32g4xx_hal_dma.o
 .debug_info    0x00006059      0x763 ./Drivers/STM32G4xx_HAL_Driver/Src/stm32g4xx_hal_gpio.o
 .debug_info    0x000067bc     0x21db ./Drivers/STM32G4xx_HAL_Driver/Src/stm32g4xx_hal_i2c.o
 .debug_info    0x00008997      0xad6 ./Drivers/STM32G4xx_HAL_Driver/Src/stm32g4xx_hal_i2c_ex.o
 .debug_info    0x0000946d      0x93f ./Drivers/STM32G4xx_HAL_Driver/Src/stm32g4xx_hal_pwr_ex.o
 .debug_info    0x00009dac      0xbe0 ./Drivers/STM32G4xx_HAL_Driver/Src/stm32g4xx_hal_rcc.o
 .debug_info    0x0000a98c      0xc45 ./Drivers/STM32G4xx_HAL_Driver/Src/stm32g4xx_hal_rcc_ex.o
 .debug_info    0x0000b5d1     0x481e ./Drivers/STM32G4xx_HAL_Driver/Src/stm32g4xx_hal_uart.o
 .debug_info    0x0000fdef      0xfdd ./Drivers/STM32G4xx_HAL_Driver/Src/stm32g4xx_hal_uart_ex.o

.debug_abbrev   0x00000000     0x224d
 .debug_abbrev  0x00000000      0x2c6 ./Core/Src/main.o
 .debug_abbrev  0x000002c6      0x237 ./Core/Src/stm32g4xx_hal_msp.o
 .debug_abbrev  0x000004fd      0x197 ./Core/Src/stm32g4xx_it.o
 .debug_abbrev  0x00000694      0x11a ./Core/Src/system_stm32g4xx.o
 .debug_abbrev  0x000007ae       0x24 ./Core/Startup/startup_stm32g474retx.o
 .debug_abbrev  0x000007d2      0x271 ./Drivers/STM32G4xx_HAL_Driver/Src/stm32g4xx_hal.o
 .debug_abbrev  0x00000a43      0x31c ./Drivers/STM32G4xx_HAL_Driver/Src/stm32g4xx_hal_cortex.o
 .debug_abbrev  0x00000d5f      0x1e2 ./Drivers/STM32G4xx_HAL_Driver/Src/stm32g4xx_hal_dma.o
 .debug_abbrev  0x00000f41      0x1cb ./Drivers/STM32G4xx_HAL_Driver/Src/stm32g4xx_hal_gpio.o
 .debug_abbrev  0x0000110c      0x25e ./Drivers/STM32G4xx_HAL_Driver/Src/stm32g4xx_hal_i2c.o
 .debug_abbrev  0x0000136a      0x1c0 ./Drivers/STM32G4xx_HAL_Driver/Src/stm32g4xx_hal_i2c_ex.o
 .debug_abbrev  0x0000152a      0x22c ./Drivers/STM32G4xx_HAL_Driver/Src/stm32g4xx_hal_pwr_ex.o
 .debug_abbrev  0x00001756      0x2c9 ./Drivers/STM32G4xx_HAL_Driver/Src/stm32g4xx_hal_rcc.o
 .debug_abbrev  0x00001a1f      0x258 ./Drivers/STM32G4xx_HAL_Driver/Src/stm32g4xx_hal_rcc_ex.o
 .debug_abbrev  0x00001c77      0x304 ./Drivers/STM32G4xx_HAL_Driver/Src/stm32g4xx_hal_uart.o
 .debug_abbrev  0x00001f7b      0x2d2 ./Drivers/STM32G4xx_HAL_Driver/Src/stm32g4xx_hal_uart_ex.o

.debug_aranges  0x00000000      0xd28
 .debug_aranges
                0x00000000       0x50 ./Core/Src/main.o
 .debug_aranges
                0x00000050       0x40 ./Core/Src/stm32g4xx_hal_msp.o
 .debug_aranges
                0x00000090       0xa0 ./Core/Src/stm32g4xx_it.o
 .debug_aranges
                0x00000130       0x28 ./Core/Src/system_stm32g4xx.o
 .debug_aranges
                0x00000158       0x28 ./Core/Startup/startup_stm32g474retx.o
 .debug_aranges
                0x00000180      0x148 ./Drivers/STM32G4xx_HAL_Driver/Src/stm32g4xx_hal.o
 .debug_aranges
                0x000002c8      0x118 ./Drivers/STM32G4xx_HAL_Driver/Src/stm32g4xx_hal_cortex.o
 .debug_aranges
                0x000003e0       0x90 ./Drivers/STM32G4xx_HAL_Driver/Src/stm32g4xx_hal_dma.o
 .debug_aranges
                0x00000470       0x58 ./Drivers/STM32G4xx_HAL_Driver/Src/stm32g4xx_hal_gpio.o
 .debug_aranges
                0x000004c8      0x2a0 ./Drivers/STM32G4xx_HAL_Driver/Src/stm32g4xx_hal_i2c.o
 .debug_aranges
                0x00000768       0x48 ./Drivers/STM32G4xx_HAL_Driver/Src/stm32g4xx_hal_i2c_ex.o
 .debug_aranges
                0x000007b0      0x140 ./Drivers/STM32G4xx_HAL_Driver/Src/stm32g4xx_hal_pwr_ex.o
 .debug_aranges
                0x000008f0       0x98 ./Drivers/STM32G4xx_HAL_Driver/Src/stm32g4xx_hal_rcc.o
 .debug_aranges
                0x00000988       0xb0 ./Drivers/STM32G4xx_HAL_Driver/Src/stm32g4xx_hal_rcc_ex.o
 .debug_aranges
                0x00000a38      0x248 ./Drivers/STM32G4xx_HAL_Driver/Src/stm32g4xx_hal_uart.o
 .debug_aranges
                0x00000c80       0xa8 ./Drivers/STM32G4xx_HAL_Driver/Src/stm32g4xx_hal_uart_ex.o

.debug_rnglists
                0x00000000      0xa41
 .debug_rnglists
                0x00000000       0x3d ./Core/Src/main.o
 .debug_rnglists
                0x0000003d       0x2d ./Core/Src/stm32g4xx_hal_msp.o
 .debug_rnglists
                0x0000006a       0x73 ./Core/Src/stm32g4xx_it.o
 .debug_rnglists
                0x000000dd       0x1a ./Core/Src/system_stm32g4xx.o
 .debug_rnglists
                0x000000f7       0x19 ./Core/Startup/startup_stm32g474retx.o
 .debug_rnglists
                0x00000110       0xf1 ./Drivers/STM32G4xx_HAL_Driver/Src/stm32g4xx_hal.o
 .debug_rnglists
                0x00000201       0xce ./Drivers/STM32G4xx_HAL_Driver/Src/stm32g4xx_hal_cortex.o
 .debug_rnglists
                0x000002cf       0x71 ./Drivers/STM32G4xx_HAL_Driver/Src/stm32g4xx_hal_dma.o
 .debug_rnglists
                0x00000340       0x3f ./Drivers/STM32G4xx_HAL_Driver/Src/stm32g4xx_hal_gpio.o
 .debug_rnglists
                0x0000037f      0x228 ./Drivers/STM32G4xx_HAL_Driver/Src/stm32g4xx_hal_i2c.o
 .debug_rnglists
                0x000005a7       0x35 ./Drivers/STM32G4xx_HAL_Driver/Src/stm32g4xx_hal_i2c_ex.o
 .debug_rnglists
                0x000005dc       0xf1 ./Drivers/STM32G4xx_HAL_Driver/Src/stm32g4xx_hal_pwr_ex.o
 .debug_rnglists
                0x000006cd       0x74 ./Drivers/STM32G4xx_HAL_Driver/Src/stm32g4xx_hal_rcc.o
 .debug_rnglists
                0x00000741       0x87 ./Drivers/STM32G4xx_HAL_Driver/Src/stm32g4xx_hal_rcc_ex.o
 .debug_rnglists
                0x000007c8      0x1fa ./Drivers/STM32G4xx_HAL_Driver/Src/stm32g4xx_hal_uart.o
 .debug_rnglists
                0x000009c2       0x7f ./Drivers/STM32G4xx_HAL_Driver/Src/stm32g4xx_hal_uart_ex.o

.debug_macro    0x00000000    0x2498a
 .debug_macro   0x00000000      0x1e8 ./Core/Src/main.o
 .debug_macro   0x000001e8      0xab4 ./Core/Src/main.o
 .debug_macro   0x00000c9c      0x15b ./Core/Src/main.o
 .debug_macro   0x00000df7       0x2e ./Core/Src/main.o
 .debug_macro   0x00000e25       0x28 ./Core/Src/main.o
 .debug_macro   0x00000e4d       0x22 ./Core/Src/main.o
 .debug_macro   0x00000e6f       0x8e ./Core/Src/main.o
 .debug_macro   0x00000efd       0x51 ./Core/Src/main.o
 .debug_macro   0x00000f4e      0x103 ./Core/Src/main.o
 .debug_macro   0x00001051       0x6a ./Core/Src/main.o
 .debug_macro   0x000010bb      0x1df ./Core/Src/main.o
 .debug_macro   0x0000129a       0x1c ./Core/Src/main.o
 .debug_macro   0x000012b6       0x22 ./Core/Src/main.o
 .debug_macro   0x000012d8       0xfb ./Core/Src/main.o
 .debug_macro   0x000013d3     0x1011 ./Core/Src/main.o
 .debug_macro   0x000023e4      0x11f ./Core/Src/main.o
 .debug_macro   0x00002503    0x18b45 ./Core/Src/main.o
 .debug_macro   0x0001b048       0x6d ./Core/Src/main.o
 .debug_macro   0x0001b0b5     0x354d ./Core/Src/main.o
 .debug_macro   0x0001e602      0x189 ./Core/Src/main.o
 .debug_macro   0x0001e78b       0x5c ./Core/Src/main.o
 .debug_macro   0x0001e7e7     0x171f ./Core/Src/main.o
 .debug_macro   0x0001ff06      0x600 ./Core/Src/main.o
 .debug_macro   0x00020506      0x1b6 ./Core/Src/main.o
 .debug_macro   0x000206bc      0x34a ./Core/Src/main.o
 .debug_macro   0x00020a06      0x53c ./Core/Src/main.o
 .debug_macro   0x00020f42      0x18b ./Core/Src/main.o
 .debug_macro   0x000210cd       0x43 ./Core/Src/main.o
 .debug_macro   0x00021110      0x23d ./Core/Src/main.o
 .debug_macro   0x0002134d      0x211 ./Core/Src/main.o
 .debug_macro   0x0002155e      0x45c ./Core/Src/main.o
 .debug_macro   0x000219ba      0x11c ./Core/Src/main.o
 .debug_macro   0x00021ad6      0x22c ./Core/Src/main.o
 .debug_macro   0x00021d02       0x61 ./Core/Src/main.o
 .debug_macro   0x00021d63       0xa5 ./Core/Src/main.o
 .debug_macro   0x00021e08      0x122 ./Core/Src/main.o
 .debug_macro   0x00021f2a      0x3d1 ./Core/Src/main.o
 .debug_macro   0x000222fb      0x693 ./Core/Src/main.o
 .debug_macro   0x0002298e       0xa6 ./Core/Src/main.o
 .debug_macro   0x00022a34      0x358 ./Core/Src/main.o
 .debug_macro   0x00022d8c       0x5e ./Core/Src/main.o
 .debug_macro   0x00022dea      0x1e2 ./Core/Src/stm32g4xx_hal_msp.o
 .debug_macro   0x00022fcc      0x1ec ./Core/Src/stm32g4xx_it.o
 .debug_macro   0x000231b8      0x1d3 ./Core/Src/system_stm32g4xx.o
 .debug_macro   0x0002338b      0x221 ./Drivers/STM32G4xx_HAL_Driver/Src/stm32g4xx_hal.o
 .debug_macro   0x000235ac      0x1d3 ./Drivers/STM32G4xx_HAL_Driver/Src/stm32g4xx_hal_cortex.o
 .debug_macro   0x0002377f      0x1d3 ./Drivers/STM32G4xx_HAL_Driver/Src/stm32g4xx_hal_dma.o
 .debug_macro   0x00023952      0x1da ./Drivers/STM32G4xx_HAL_Driver/Src/stm32g4xx_hal_gpio.o
 .debug_macro   0x00023b2c      0x29f ./Drivers/STM32G4xx_HAL_Driver/Src/stm32g4xx_hal_i2c.o
 .debug_macro   0x00023dcb      0x1d3 ./Drivers/STM32G4xx_HAL_Driver/Src/stm32g4xx_hal_i2c_ex.o
 .debug_macro   0x00023f9e      0x1fd ./Drivers/STM32G4xx_HAL_Driver/Src/stm32g4xx_hal_pwr_ex.o
 .debug_macro   0x0002419b      0x215 ./Drivers/STM32G4xx_HAL_Driver/Src/stm32g4xx_hal_rcc.o
 .debug_macro   0x000243b0      0x1fd ./Drivers/STM32G4xx_HAL_Driver/Src/stm32g4xx_hal_rcc_ex.o
 .debug_macro   0x000245ad      0x1fe ./Drivers/STM32G4xx_HAL_Driver/Src/stm32g4xx_hal_uart.o
 .debug_macro   0x000247ab      0x1df ./Drivers/STM32G4xx_HAL_Driver/Src/stm32g4xx_hal_uart_ex.o

.debug_line     0x00000000    0x1111f
 .debug_line    0x00000000      0x9c0 ./Core/Src/main.o
 .debug_line    0x000009c0      0x8aa ./Core/Src/stm32g4xx_hal_msp.o
 .debug_line    0x0000126a      0x8c8 ./Core/Src/stm32g4xx_it.o
 .debug_line    0x00001b32      0x7b2 ./Core/Src/system_stm32g4xx.o
 .debug_line    0x000022e4       0x7b ./Core/Startup/startup_stm32g474retx.o
 .debug_line    0x0000235f      0xb6e ./Drivers/STM32G4xx_HAL_Driver/Src/stm32g4xx_hal.o
 .debug_line    0x00002ecd      0xcd7 ./Drivers/STM32G4xx_HAL_Driver/Src/stm32g4xx_hal_cortex.o
 .debug_line    0x00003ba4      0xe98 ./Drivers/STM32G4xx_HAL_Driver/Src/stm32g4xx_hal_dma.o
 .debug_line    0x00004a3c      0xb87 ./Drivers/STM32G4xx_HAL_Driver/Src/stm32g4xx_hal_gpio.o
 .debug_line    0x000055c3     0x3a24 ./Drivers/STM32G4xx_HAL_Driver/Src/stm32g4xx_hal_i2c.o
 .debug_line    0x00008fe7      0x963 ./Drivers/STM32G4xx_HAL_Driver/Src/stm32g4xx_hal_i2c_ex.o
 .debug_line    0x0000994a      0xcdd ./Drivers/STM32G4xx_HAL_Driver/Src/stm32g4xx_hal_pwr_ex.o
 .debug_line    0x0000a627      0xf39 ./Drivers/STM32G4xx_HAL_Driver/Src/stm32g4xx_hal_rcc.o
 .debug_line    0x0000b560     0x1249 ./Drivers/STM32G4xx_HAL_Driver/Src/stm32g4xx_hal_rcc_ex.o
 .debug_line    0x0000c7a9     0x3be2 ./Drivers/STM32G4xx_HAL_Driver/Src/stm32g4xx_hal_uart.o
 .debug_line    0x0001038b      0xd94 ./Drivers/STM32G4xx_HAL_Driver/Src/stm32g4xx_hal_uart_ex.o

.debug_str      0x00000000    0xe8b46
 .debug_str     0x00000000    0xe514f ./Core/Src/main.o
                              0xe5503 (size before relaxing)
 .debug_str     0x000e514f      0x2bd ./Core/Src/stm32g4xx_hal_msp.o
                              0xe53f6 (size before relaxing)
 .debug_str     0x000e540c      0x1e7 ./Core/Src/stm32g4xx_it.o
                              0xe4af8 (size before relaxing)
 .debug_str     0x000e55f3       0xdb ./Core/Src/system_stm32g4xx.o
                              0xe4183 (size before relaxing)
 .debug_str     0x000e56ce       0x44 ./Core/Startup/startup_stm32g474retx.o
                                 0x75 (size before relaxing)
 .debug_str     0x000e5712      0x5e3 ./Drivers/STM32G4xx_HAL_Driver/Src/stm32g4xx_hal.o
                              0xe4e95 (size before relaxing)
 .debug_str     0x000e5cf5      0x31d ./Drivers/STM32G4xx_HAL_Driver/Src/stm32g4xx_hal_cortex.o
                              0xe4b19 (size before relaxing)
 .debug_str     0x000e6012      0x29c ./Drivers/STM32G4xx_HAL_Driver/Src/stm32g4xx_hal_dma.o
                              0xe455d (size before relaxing)
 .debug_str     0x000e62ae       0xf9 ./Drivers/STM32G4xx_HAL_Driver/Src/stm32g4xx_hal_gpio.o
                              0xe430e (size before relaxing)
 .debug_str     0x000e63a7      0xd6f ./Drivers/STM32G4xx_HAL_Driver/Src/stm32g4xx_hal_i2c.o
                              0xe5484 (size before relaxing)
 .debug_str     0x000e7116       0xb8 ./Drivers/STM32G4xx_HAL_Driver/Src/stm32g4xx_hal_i2c_ex.o
                              0xe47a2 (size before relaxing)
 .debug_str     0x000e71ce      0x4a5 ./Drivers/STM32G4xx_HAL_Driver/Src/stm32g4xx_hal_pwr_ex.o
                              0xe4671 (size before relaxing)
 .debug_str     0x000e7673      0x4fb ./Drivers/STM32G4xx_HAL_Driver/Src/stm32g4xx_hal_rcc.o
                              0xe48a2 (size before relaxing)
 .debug_str     0x000e7b6e      0x402 ./Drivers/STM32G4xx_HAL_Driver/Src/stm32g4xx_hal_rcc_ex.o
                              0xe48cc (size before relaxing)
 .debug_str     0x000e7f70      0x96b ./Drivers/STM32G4xx_HAL_Driver/Src/stm32g4xx_hal_uart.o
                              0xe513e (size before relaxing)
 .debug_str     0x000e88db      0x26b ./Drivers/STM32G4xx_HAL_Driver/Src/stm32g4xx_hal_uart_ex.o
                              0xe493c (size before relaxing)

.comment        0x00000000       0x43
 .comment       0x00000000       0x43 ./Core/Src/main.o
                                 0x44 (size before relaxing)
 .comment       0x00000043       0x44 ./Core/Src/stm32g4xx_hal_msp.o
 .comment       0x00000043       0x44 ./Core/Src/stm32g4xx_it.o
 .comment       0x00000043       0x44 ./Core/Src/system_stm32g4xx.o
 .comment       0x00000043       0x44 ./Drivers/STM32G4xx_HAL_Driver/Src/stm32g4xx_hal.o
 .comment       0x00000043       0x44 ./Drivers/STM32G4xx_HAL_Driver/Src/stm32g4xx_hal_cortex.o
 .comment       0x00000043       0x44 ./Drivers/STM32G4xx_HAL_Driver/Src/stm32g4xx_hal_dma.o
 .comment       0x00000043       0x44 ./Drivers/STM32G4xx_HAL_Driver/Src/stm32g4xx_hal_gpio.o
 .comment       0x00000043       0x44 ./Drivers/STM32G4xx_HAL_Driver/Src/stm32g4xx_hal_i2c.o
 .comment       0x00000043       0x44 ./Drivers/STM32G4xx_HAL_Driver/Src/stm32g4xx_hal_i2c_ex.o
 .comment       0x00000043       0x44 ./Drivers/STM32G4xx_HAL_Driver/Src/stm32g4xx_hal_pwr_ex.o
 .comment       0x00000043       0x44 ./Drivers/STM32G4xx_HAL_Driver/Src/stm32g4xx_hal_rcc.o
 .comment       0x00000043       0x44 ./Drivers/STM32G4xx_HAL_Driver/Src/stm32g4xx_hal_rcc_ex.o
 .comment       0x00000043       0x44 ./Drivers/STM32G4xx_HAL_Driver/Src/stm32g4xx_hal_uart.o
 .comment       0x00000043       0x44 ./Drivers/STM32G4xx_HAL_Driver/Src/stm32g4xx_hal_uart_ex.o

.debug_frame    0x00000000     0x3644
 .debug_frame   0x00000000       0xf0 ./Core/Src/main.o
 .debug_frame   0x000000f0       0xcc ./Core/Src/stm32g4xx_hal_msp.o
 .debug_frame   0x000001bc      0x1e4 ./Core/Src/stm32g4xx_it.o
 .debug_frame   0x000003a0       0x58 ./Core/Src/system_stm32g4xx.o
 .debug_frame   0x000003f8      0x500 ./Drivers/STM32G4xx_HAL_Driver/Src/stm32g4xx_hal.o
 .debug_frame   0x000008f8      0x498 ./Drivers/STM32G4xx_HAL_Driver/Src/stm32g4xx_hal_cortex.o
 .debug_frame   0x00000d90      0x24c ./Drivers/STM32G4xx_HAL_Driver/Src/stm32g4xx_hal_dma.o
 .debug_frame   0x00000fdc      0x14c ./Drivers/STM32G4xx_HAL_Driver/Src/stm32g4xx_hal_gpio.o
 .debug_frame   0x00001128      0xc38 ./Drivers/STM32G4xx_HAL_Driver/Src/stm32g4xx_hal_i2c.o
 .debug_frame   0x00001d60      0x100 ./Drivers/STM32G4xx_HAL_Driver/Src/stm32g4xx_hal_i2c_ex.o
 .debug_frame   0x00001e60      0x4fc ./Drivers/STM32G4xx_HAL_Driver/Src/stm32g4xx_hal_pwr_ex.o
 .debug_frame   0x0000235c      0x23c ./Drivers/STM32G4xx_HAL_Driver/Src/stm32g4xx_hal_rcc.o
 .debug_frame   0x00002598      0x2ac ./Drivers/STM32G4xx_HAL_Driver/Src/stm32g4xx_hal_rcc_ex.o
 .debug_frame   0x00002844      0xa94 ./Drivers/STM32G4xx_HAL_Driver/Src/stm32g4xx_hal_uart.o
 .debug_frame   0x000032d8      0x2c0 ./Drivers/STM32G4xx_HAL_Driver/Src/stm32g4xx_hal_uart_ex.o
 .debug_frame   0x00003598       0x20 C:/Users/work/year2/Digital_Elec/STM32CubeIDE_1.13.2/STM32CubeIDE/plugins/com.st.stm32cube.ide.mcu.externaltools.gnu-tools-for-stm32.12.3.rel1.win32_1.0.100.202403111256/tools/bin/../lib/gcc/arm-none-eabi/12.3.1/../../../../arm-none-eabi/lib/thumb/v7e-m+fp/hard\libc_nano.a(libc_a-memset.o)
 .debug_frame   0x000035b8       0x2c C:/Users/work/year2/Digital_Elec/STM32CubeIDE_1.13.2/STM32CubeIDE/plugins/com.st.stm32cube.ide.mcu.externaltools.gnu-tools-for-stm32.12.3.rel1.win32_1.0.100.202403111256/tools/bin/../lib/gcc/arm-none-eabi/12.3.1/../../../../arm-none-eabi/lib/thumb/v7e-m+fp/hard\libc_nano.a(libc_a-init.o)
 .debug_frame   0x000035e4       0x2c C:/Users/work/year2/Digital_Elec/STM32CubeIDE_1.13.2/STM32CubeIDE/plugins/com.st.stm32cube.ide.mcu.externaltools.gnu-tools-for-stm32.12.3.rel1.win32_1.0.100.202403111256/tools/bin/../lib/gcc/arm-none-eabi/12.3.1/thumb/v7e-m+fp/hard\libgcc.a(_aeabi_uldivmod.o)
 .debug_frame   0x00003610       0x34 C:/Users/work/year2/Digital_Elec/STM32CubeIDE_1.13.2/STM32CubeIDE/plugins/com.st.stm32cube.ide.mcu.externaltools.gnu-tools-for-stm32.12.3.rel1.win32_1.0.100.202403111256/tools/bin/../lib/gcc/arm-none-eabi/12.3.1/thumb/v7e-m+fp/hard\libgcc.a(_udivmoddi4.o)

.debug_line_str
                0x00000000       0x59
 .debug_line_str
                0x00000000       0x59 ./Core/Startup/startup_stm32g474retx.o
